../Core/Src/main.c:39:5:main	16	static
../Core/Src/main.c:59:6:LCD_Command	16	static
../Core/Src/main.c:69:6:LCD_Char	16	static
../Core/Src/main.c:79:6:LCD_String	16	static
../Core/Src/main.c:85:6:LCD_SetCursor	24	static
../Core/Src/main.c:92:6:LCD_EnablePulse	8	static
../Core/Src/main.c:101:6:LCD_Init	8	static
../Core/Src/main.c:112:6:LCD_Scroll_Left	48	static
../Core/Src/main.c:127:6:LCD_Scroll_Right	48	static
../Core/Src/main.c:142:6:Keypad_Init	32	static
../Core/Src/main.c:163:6:Keypad_Read	32	static
../Core/Src/main.c:188:13:MX_GPIO_Init	40	static
../Core/Src/main.c:206:6:SystemClock_Config	4	static
